[scanapp.org/index.html]
[scanapp.org/assets/svg/log_sq-144.jpg]
[backblue.gif]
[fade.gif]
[index.html]
[scanapp.org/assets/svg/scanapp-logo.png]
[scanapp.org/assets/manifest.json]
[scanapp.org/assets/main.css]
[scanapp.org/assets/app.v2.6.0.css]
[scanapp.pages.dev/css/index.v2.5.1.css]
[scanapp.org/assets/svg/scanapp.svg]
[scanapp.org/blog/index.html]
[scanapp.org/assets/images/icons/dark_mode.svg]
[scanapp.org/assets/images/icons/settings.svg]
[scanapp.org/support/index.html]
[scanapp.pages.dev/images/qr-scan-placeholder.png]
[scanapp.org/assets/svg/share-svgrepo-com.svg]
[scanapp.org/assets/svg/copy-svgrepo-com.svg]
[scanapp.org/assets/svg/coin-svgrepo-com.svg]
[scanapp.org/assets/svg/link2.svg]
[scanapp.org/assets/images/icons/delete.svg]
[scanapp.org/assets/images/icons/coffee.svg]
[scanapp.org/assets/images/icons/qr.svg]
[scanapp.org/assets/svg/alert-svgrepo-com.svg]
[scanapp.org/index.html]
[scanapp.org/assets/fonts/ibm-plex-sans/ibm-plex-sans-v2-latin-300.eot]
[scanapp.org/assets/fonts/ibm-plex-sans/ibm-plex-sans-v2-latin-300d41d.eot]
[scanapp.org/assets/fonts/ibm-plex-sans/ibm-plex-sans-v2-latin-300.woff2]
[scanapp.org/assets/fonts/ibm-plex-sans/ibm-plex-sans-v2-latin-300.woff]
[scanapp.org/assets/fonts/ibm-plex-sans/ibm-plex-sans-v2-latin-300.ttf]
[scanapp.org/assets/fonts/ibm-plex-sans/ibm-plex-sans-v2-latin-300.svg]
[scanapp.org/assets/fonts/ibm-plex-sans/ibm-plex-sans-v2-latin-300italic.eot]
[scanapp.org/assets/fonts/ibm-plex-sans/ibm-plex-sans-v2-latin-300italicd41d.eot]
[scanapp.org/assets/fonts/ibm-plex-sans/ibm-plex-sans-v2-latin-300italic.woff2]
[scanapp.org/assets/fonts/ibm-plex-sans/ibm-plex-sans-v2-latin-300italic.woff]
[scanapp.org/assets/fonts/ibm-plex-sans/ibm-plex-sans-v2-latin-300italic.ttf]
[scanapp.org/assets/fonts/ibm-plex-sans/ibm-plex-sans-v2-latin-300italic.svg]
[scanapp.org/assets/fonts/ibm-plex-sans/ibm-plex-sans-v2-latin-regular.eot]
[scanapp.org/assets/fonts/ibm-plex-sans/ibm-plex-sans-v2-latin-regulard41d.eot]
[scanapp.org/assets/fonts/ibm-plex-sans/ibm-plex-sans-v2-latin-regular.woff2]
[scanapp.org/assets/fonts/ibm-plex-sans/ibm-plex-sans-v2-latin-regular.woff]
[scanapp.org/assets/fonts/ibm-plex-sans/ibm-plex-sans-v2-latin-regular.ttf]
[scanapp.org/assets/fonts/ibm-plex-sans/ibm-plex-sans-v2-latin-regular.svg]
[scanapp.org/assets/fonts/ibm-plex-sans/ibm-plex-sans-v2-latin-500.eot]
[scanapp.org/assets/fonts/ibm-plex-sans/ibm-plex-sans-v2-latin-500d41d.eot]
[scanapp.org/assets/fonts/ibm-plex-sans/ibm-plex-sans-v2-latin-500.woff2]
[scanapp.org/assets/fonts/ibm-plex-sans/ibm-plex-sans-v2-latin-500.woff]
[scanapp.org/assets/fonts/ibm-plex-sans/ibm-plex-sans-v2-latin-500.ttf]
[scanapp.org/assets/fonts/ibm-plex-sans/ibm-plex-sans-v2-latin-500.svg]
[scanapp.org/assets/fonts/ubuntu/ubuntu-v14-latin-300.eot]
[scanapp.org/assets/fonts/ubuntu/ubuntu-v14-latin-300d41d.eot]
[scanapp.org/assets/fonts/ubuntu/ubuntu-v14-latin-300.woff2]
[scanapp.org/assets/fonts/ubuntu/ubuntu-v14-latin-300.woff]
[scanapp.org/assets/fonts/ubuntu/ubuntu-v14-latin-300.ttf]
[scanapp.org/assets/fonts/ubuntu/ubuntu-v14-latin-300.svg]
[scanapp.org/assets/fonts/ubuntu/ubuntu-v14-latin-regular.eot]
[scanapp.org/assets/fonts/ubuntu/ubuntu-v14-latin-regulard41d.eot]
[scanapp.org/assets/fonts/ubuntu/ubuntu-v14-latin-regular.woff2]
[scanapp.org/assets/fonts/ubuntu/ubuntu-v14-latin-regular.woff]
[scanapp.org/assets/fonts/ubuntu/ubuntu-v14-latin-regular.ttf]
[scanapp.org/assets/fonts/ubuntu/ubuntu-v14-latin-regular.svg]
[scanapp.org/assets/fonts/hack/Hack-Regular-webfont.eot]
[scanapp.org/assets/fonts/hack/Hack-Regular-webfontd41d.eot]
[scanapp.org/assets/fonts/hack/Hack-Regular-webfont.woff2]
[scanapp.org/assets/fonts/hack/Hack-Regular-webfont.woff]
[scanapp.org/assets/fonts/hack/Hack-Regular-webfont.ttf]
[scanapp.org/assets/main.css]
[scanapp.org/assets/app.v2.6.0.css]
[scanapp.pages.dev/css/index.v2.5.1.css]
[scanapp.org/assets/svg/scanapp.svg]
[scanapp.org/assets/fonts/hack/Hack-Regular-webfont.svg]
[scanapp.org/assets/css/poole.min.css]
[scanapp.org/assets/css/syntax.min.css]
[scanapp.org/assets/css/lanyon.min.css]
[scanapp.org/atom.xml]
[scanapp.org/blog/2023/03/22/the-evolution-of-barcodes-and-qr-codes.html]
[scanapp.org/assets/images/blog/post6/pexels-imin-technology-12935064.jpg]
[scanapp.org/blog/2023/03/04/why-should-you-support-html5-qrcode-by-sponsoring.html]
[scanapp.org/assets/images/blog/post5/sponsors-small.webp]
[scanapp.org/blog/2022/11/01/using-html5-qrcode-with-only-camera-or-file-options.html]
[scanapp.org/assets/images/blog/post4/default_config.webp]
[scanapp.org/blog/2022/10/30/using-flash-or-torch-with-html5-qrcode.html]
[scanapp.org/assets/images/blog/post3/im1-optimised.jpg]
[scanapp.org/blog/2022/01/09/setting-dynamic-qr-box-size-in-html5-qrcode.html]
[scanapp.org/assets/images/blog/post1/post1_theme_image.webp]
[scanapp.org/assets/js/blog.script.js]
[scanapp.org/blog/index.html]
[scanapp.org/supports/can-a-webcam-scan-a-qr-code.html]
[scanapp.org/supports/can-i-scan-a-qr-code-without-an-app.html]
[scanapp.org/supports/how-do-I-scan-a-qr-code-on-my-iphone.html]
[scanapp.org/supports/how-do-i-scan-qr-with-my-phone.html]
[scanapp.org/supports/how-to-scan-a-qr-code-without-an-app.html]
[scanapp.org/support/index.html]
[scanapp.org/assets/images/icons/dark_mode.svg]
[scanapp.org/assets/images/icons/settings.svg]
[scanapp.org/assets/images/icons/expand_less.svg]
[scanapp.org/assets/svg/share-svgrepo-com.svg]
[scanapp.org/assets/svg/copy-svgrepo-com.svg]
[scanapp.org/assets/svg/coin-svgrepo-com.svg]
[scanapp.org/assets/svg/link2.svg]
[scanapp.org/assets/images/icons/download.svg]
[scanapp.org/assets/images/icons/delete.svg]
[scanapp.org/assets/images/icons/coffee.svg]
[scanapp.org/assets/images/icons/qr.svg]
[scanapp.org/assets/images/icons/menu.svg]
[scanapp.org/assets/svg/alert-svgrepo-com.svg]
[scanapp.org/assets/fonts/ibm-plex-sans/ibm-plex-sans-v2-latin-300.svg]
[scanapp.org/assets/fonts/ibm-plex-sans/ibm-plex-sans-v2-latin-300italic.svg]
[scanapp.org/assets/fonts/ibm-plex-sans/ibm-plex-sans-v2-latin-regular.svg]
[scanapp.org/assets/fonts/ibm-plex-sans/ibm-plex-sans-v2-latin-500.svg]
[scanapp.org/assets/fonts/ubuntu/ubuntu-v14-latin-300.svg]
[scanapp.org/assets/fonts/ubuntu/ubuntu-v14-latin-regular.svg]
[scanapp.org/assets/fonts/hack/Hack-Regular-webfont.html]
[scanapp.org/assets/fonts/hack/Hack-Regular-webfont.svg]
[scanapp.org/assets/css/poole.min.css]
[scanapp.org/assets/css/syntax.min.css]
[scanapp.org/assets/css/lanyon.min.css]
[scanapp.org/blog/2023/03/22/the-evolution-of-barcodes-and-qr-codes.html]
[utteranc.es/client.js]
[scanapp.org/assets/images/blog/post5/sponsors.webp]
[scanapp.org/blog/2023/03/04/why-should-you-support-html5-qrcode-by-sponsoring.html]
[scanapp.org/assets/images/blog/post4/default_config.png]
[scanapp.org/assets/images/blog/post4/camera_only.png]
[scanapp.org/assets/images/blog/post4/file_only.png]
[scanapp.org/assets/images/blog/post4/file_first.png]
[scanapp.org/blog/2022/11/01/using-html5-qrcode-with-only-camera-or-file-options.html]
[scanapp.org/assets/images/blog/post3/pexels-gift-habeshaw-3348724.jpg]
[scanapp.org/assets/images/blog/post3/im1.jpg]
[scanapp.org/blog/2022/10/30/using-flash-or-torch-with-html5-qrcode.html]
[scanapp.org/assets/images/blog/post2/im1.png]
[scanapp.org/assets/images/blog/post2/im2.png]
[scanapp.org/blog/2022/01/09/setting-dynamic-qr-box-size-in-html5-qrcode.html]
[scanapp.org/page2/index.html]
[scanapp.org/supports/can-a-webcam-scan-a-qr-code.html]
[scanapp.org/supports/can-i-scan-a-qr-code-without-an-app.html]
[scanapp.org/supports/how-do-I-scan-a-qr-code-on-my-iphone.html]
[scanapp.org/supports/how-do-i-scan-qr-with-my-phone.html]
[scanapp.org/supports/how-to-scan-a-qr-code-without-an-app.html]
