[blog.minhazav.dev/research/html5-qrcode.html]
[blog.minhazav.dev/assets/main.css]
[blog.minhazav.dev/assets/custom.css]
[blog.minhazav.dev/assets/css/sharebar.css]
[backblue.gif]
[fade.gif]
[index.html]
[blog.minhazav.dev/assets/img/scanapp-logo-removebg-preview.png]
[blog.minhazav.dev/research/index.html]
[pagead2.googlesyndication.com/pagead/js/f0a36.txt]
[cdnjs.cloudflare.com/ajax/libs/highlight.js/10.0.3/styles/default.min.css]
[blog.minhazav.dev/images/post24_image1.jpg]
[pagead2.googlesyndication.com/pagead/js/f557a.txt]
[nodei.co/npm/html5-qrcode.png]
[blog.minhazav.dev/images/post18_image2.jpg]
[raw.githubusercontent.com/mebjas/html5-qrcode/master/minified/html5-qrcode.min.js]
[utteranc.es/client.js]
[cdnjs.cloudflare.com/ajax/libs/highlight.js/10.0.3/highlight.min.js]
[blog.minhazav.dev/research/html5-qrcode.html]
[blog.minhazav.dev/assets/research/html5qrcode/html5-qrcode.min.v2.3.0.js]
[blog.minhazav.dev/assets/fonts/ibm-plex-sans/ibm-plex-sans-v2-latin-300.eot]
[blog.minhazav.dev/assets/fonts/ibm-plex-sans/ibm-plex-sans-v2-latin-300d41d.eot]
[blog.minhazav.dev/assets/fonts/ibm-plex-sans/ibm-plex-sans-v2-latin-300.woff2]
[blog.minhazav.dev/assets/fonts/ibm-plex-sans/ibm-plex-sans-v2-latin-300.woff]
[blog.minhazav.dev/assets/fonts/ibm-plex-sans/ibm-plex-sans-v2-latin-300.ttf]
[blog.minhazav.dev/assets/fonts/ibm-plex-sans/ibm-plex-sans-v2-latin-300.svg]
[blog.minhazav.dev/assets/fonts/ibm-plex-sans/ibm-plex-sans-v2-latin-300italic.eot]
[blog.minhazav.dev/assets/fonts/ibm-plex-sans/ibm-plex-sans-v2-latin-300italicd41d.eot]
[blog.minhazav.dev/assets/fonts/ibm-plex-sans/ibm-plex-sans-v2-latin-300italic.woff2]
[blog.minhazav.dev/assets/fonts/ibm-plex-sans/ibm-plex-sans-v2-latin-300italic.woff]
[blog.minhazav.dev/assets/fonts/ibm-plex-sans/ibm-plex-sans-v2-latin-300italic.ttf]
[blog.minhazav.dev/assets/fonts/ibm-plex-sans/ibm-plex-sans-v2-latin-300italic.svg]
[blog.minhazav.dev/assets/fonts/ibm-plex-sans/ibm-plex-sans-v2-latin-regular.eot]
[blog.minhazav.dev/assets/fonts/ibm-plex-sans/ibm-plex-sans-v2-latin-regulard41d.eot]
[blog.minhazav.dev/assets/fonts/ibm-plex-sans/ibm-plex-sans-v2-latin-regular.woff2]
[blog.minhazav.dev/assets/fonts/ibm-plex-sans/ibm-plex-sans-v2-latin-regular.woff]
[blog.minhazav.dev/assets/fonts/ibm-plex-sans/ibm-plex-sans-v2-latin-regular.ttf]
[blog.minhazav.dev/assets/fonts/ibm-plex-sans/ibm-plex-sans-v2-latin-regular.svg]
[blog.minhazav.dev/assets/fonts/ibm-plex-sans/ibm-plex-sans-v2-latin-500.eot]
[blog.minhazav.dev/assets/fonts/ibm-plex-sans/ibm-plex-sans-v2-latin-500d41d.eot]
[blog.minhazav.dev/assets/fonts/ibm-plex-sans/ibm-plex-sans-v2-latin-500.woff2]
[blog.minhazav.dev/assets/fonts/ibm-plex-sans/ibm-plex-sans-v2-latin-500.woff]
[blog.minhazav.dev/assets/fonts/ibm-plex-sans/ibm-plex-sans-v2-latin-500.ttf]
[blog.minhazav.dev/assets/fonts/ibm-plex-sans/ibm-plex-sans-v2-latin-500.svg]
[blog.minhazav.dev/assets/fonts/ubuntu/ubuntu-v14-latin-300.eot]
[blog.minhazav.dev/assets/fonts/ubuntu/ubuntu-v14-latin-300d41d.eot]
[blog.minhazav.dev/assets/fonts/ubuntu/ubuntu-v14-latin-300.woff2]
[blog.minhazav.dev/assets/fonts/ubuntu/ubuntu-v14-latin-300.woff]
[blog.minhazav.dev/assets/fonts/ubuntu/ubuntu-v14-latin-300.ttf]
[blog.minhazav.dev/assets/fonts/ubuntu/ubuntu-v14-latin-300.svg]
[blog.minhazav.dev/assets/fonts/ubuntu/ubuntu-v14-latin-regular.eot]
[blog.minhazav.dev/assets/fonts/ubuntu/ubuntu-v14-latin-regulard41d.eot]
[blog.minhazav.dev/assets/fonts/ubuntu/ubuntu-v14-latin-regular.woff2]
[blog.minhazav.dev/assets/fonts/ubuntu/ubuntu-v14-latin-regular.woff]
[blog.minhazav.dev/assets/fonts/ubuntu/ubuntu-v14-latin-regular.ttf]
[blog.minhazav.dev/assets/fonts/ubuntu/ubuntu-v14-latin-regular.svg]
[blog.minhazav.dev/assets/fonts/hack/Hack-Regular-webfont.eot]
[blog.minhazav.dev/assets/fonts/hack/Hack-Regular-webfontd41d.eot]
[blog.minhazav.dev/assets/fonts/hack/Hack-Regular-webfont.woff2]
[blog.minhazav.dev/assets/fonts/hack/Hack-Regular-webfont.woff]
[blog.minhazav.dev/assets/fonts/hack/Hack-Regular-webfont.ttf]
[blog.minhazav.dev/assets/main.css]
[blog.minhazav.dev/assets/fonts/hack/Hack-Regular-webfont.svg]
[blog.minhazav.dev/images/common/stack-overflow.png]
[blog.minhazav.dev/assets/custom.css]
[blog.minhazav.dev/assets/css/sharebar.css]
[blog.minhazav.dev/images/post14_image1.png]
[blog.minhazav.dev/research/vision.html]
[blog.minhazav.dev/images/vision.jpg]
[blog.minhazav.dev/research/exposure-fusion.html]
[blog.minhazav.dev/assets/research/exposure_fusion/DRI-enfuse.jpg]
[blog.minhazav.dev/research/sudoku-solver.html]
[blog.minhazav.dev/assets/research/sudoku-solver/data.jpg]
[blog.minhazav.dev/research/face-js.html]
[blog.minhazav.dev/assets/research/face-js/face-js.gif]
[blog.minhazav.dev/research/webgl.html]
[upload.wikimedia.org/wikipedia/commons/thumb/2/25/WebGL_Logo.svg/1200px-WebGL_Logo.svg.png]
[blog.minhazav.dev/research/rock-paper-scissor.html]
[blog.minhazav.dev/assets/research/rockpaperscissor/rps.png]
[blog.minhazav.dev/research/jquery-digital-write.html]
[blog.minhazav.dev/assets/research/jquery-digital-write/jquery-digital-write.png]
[blog.minhazav.dev/research/jquery-sticky-elements.html]
[blog.minhazav.dev/assets/research/jquerystickyelements/sticky.png]
[blog.minhazav.dev/research/index.html]
[cdnjs.cloudflare.com/ajax/libs/highlight.js/10.0.3/styles/default.min.css]
[raw.githubusercontent.com/mebjas/html5-qrcode/master/minified/html5-qrcode.min.js]
[blog.minhazav.dev/assets/fonts/ibm-plex-sans/ibm-plex-sans-v2-latin-300.svg]
[blog.minhazav.dev/assets/fonts/ibm-plex-sans/ibm-plex-sans-v2-latin-300italic.svg]
[blog.minhazav.dev/assets/fonts/ibm-plex-sans/ibm-plex-sans-v2-latin-regular.svg]
[blog.minhazav.dev/assets/fonts/ibm-plex-sans/ibm-plex-sans-v2-latin-500.svg]
[blog.minhazav.dev/assets/fonts/ubuntu/ubuntu-v14-latin-300.svg]
[blog.minhazav.dev/assets/fonts/ubuntu/ubuntu-v14-latin-regular.svg]
[blog.minhazav.dev/assets/fonts/hack/Hack-Regular-webfont.html]
[blog.minhazav.dev/assets/fonts/hack/Hack-Regular-webfont.svg]
[blog.minhazav.dev/assets/js/jquery.js]
[blog.minhazav.dev/assets/research/vision/library.js]
[blog.minhazav.dev/assets/research/vision/operators.js]
[blog.minhazav.dev/assets/research/vision/app.js]
[blog.minhazav.dev/research/vision.html]
[blog.minhazav.dev/assets/research/exposure_fusion/d1/1.jpg]
[blog.minhazav.dev/assets/research/exposure_fusion/d1/2.jpg]
[blog.minhazav.dev/assets/research/exposure_fusion/d1/3.jpg]
[blog.minhazav.dev/assets/research/exposure_fusion/exposure_map.png]
[blog.minhazav.dev/assets/research/exposure_fusion/merge.png]
[blog.minhazav.dev/assets/research/exposure_fusion/normalized.png]
[docs.opencv.org/3.4.0/opencv.js]
[github.com/mebjas/mebjas.github.io/blob/master/assets/research/exposure_fusion/ef.html]
[blog.minhazav.dev/research/exposure-fusion.html]
[blog.minhazav.dev/research/sudoku-solver.html]
[blog.minhazav.dev/research/face-js.html]
[blog.minhazav.dev/assets/research/exposure_fusion/ef.js]
[blog.minhazav.dev/assets/research/webgl/app.js]
[blog.minhazav.dev/research/webgl.html]
[blog.minhazav.dev/assets/research/rockpaperscissor/main.css]
[cdnjs.cloudflare.com/ajax/libs/socket.io/1.7.3/socket.io.min.js]
[blog.minhazav.dev/assets/research/rockpaperscissor/rps.js]
[blog.minhazav.dev/research/_]
[blog.minhazav.dev/assets/research/rockpaperscissor/rock.png]
[blog.minhazav.dev/assets/research/rockpaperscissor/paper.png]
[blog.minhazav.dev/assets/research/rockpaperscissor/scissors.png]
[blog.minhazav.dev/assets/research/rockpaperscissor/user_arrow.png]
[blog.minhazav.dev/assets/research/rockpaperscissor/agent_arrow.png]
[blog.minhazav.dev/research/rock-paper-scissor.html]
[buttons.github.io/buttons.js]
[blog.minhazav.dev/assets/research/jquery-digital-write/jquery.digitalwrite.min.js]
[blog.minhazav.dev/research/jquery-digital-write.html]
[blog.minhazav.dev/assets/research/jquerystickyelements/icons/external-link.png]
[blog.minhazav.dev/assets/research/jquerystickyelements/icons/share-alt-square.png]
[blog.minhazav.dev/assets/research/jquerystickyelements/icons/cool.png]
[blog.minhazav.dev/assets/research/jquerystickyelements/icons/github.png]
[blog.minhazav.dev/assets/research/jquerystickyelements/icons/html5.png]
[blog.minhazav.dev/assets/research/jquerystickyelements/icons/console.png]
[blog.minhazav.dev/assets/research/jquerystickyelements/icons/code.png]
[blog.minhazav.dev/assets/research/jquerystickyelements/icons/chrome.png]
[blog.minhazav.dev/assets/research/jquerystickyelements/icons/firefox.png]
[blog.minhazav.dev/assets/research/jquerystickyelements/icons/opera.png]
[blog.minhazav.dev/assets/research/jquerystickyelements/icons/IE.png]
[blog.minhazav.dev/assets/research/jquerystickyelements/icons/safari.png]
[blog.minhazav.dev/assets/research/jquerystickyelements/jquery.sticky.elements.js]
[blog.minhazav.dev/research/jquery-sticky-elements.html]
[github.githubassets.com/assets/light-0eace2597ca3.css]
[github.githubassets.com/assets/dark-a167e256da9c.css]
[github.githubassets.com/assets/dark_dimmed-d11f2cf8009b.css]
[github.githubassets.com/assets/dark_high_contrast-ea7373db06c8.css]
[github.githubassets.com/assets/dark_colorblind-afa99dcf40f7.css]
[github.githubassets.com/assets/light_colorblind-af6c685139ba.css]
[github.githubassets.com/assets/light_high_contrast-578cdbc8a5a9.css]
[github.githubassets.com/assets/light_tritanopia-5cb699a7e247.css]
[github.githubassets.com/assets/dark_tritanopia-9b32204967c6.css]
[github.githubassets.com/assets/primer-primitives-366b5c973fad.css]
[github.githubassets.com/assets/primer-44fa1513ddd0.css]
[github.githubassets.com/assets/global-6d852ff5d319.css]
[github.githubassets.com/assets/github-19c85be4af9c.css]
[github.githubassets.com/assets/repository-6247ca238fd4.css]
[github.githubassets.com/assets/code-111be5e4092d.css]
[github.githubassets.com/assets/wp-runtime-93a2421cc867.js]
[github.githubassets.com/assets/vendors-node_modules_dompurify_dist_purify_js-6890e890956f.js]
[github.githubassets.com/assets/vendors-node_modules_oddbird_popover-polyfill_dist_popover_js-7bd350d761f4.js]
[github.githubassets.com/assets/vendors-node_modules_smoothscroll-polyfill_dist_smoothscroll_js-node_modules_stacktrace-parse-a448e4-bb5415637fe0.js]
[github.githubassets.com/assets/ui_packages_failbot_failbot_ts-ede00d92f599.js]
[github.githubassets.com/assets/environment-29216db1b92a.js]
[github.githubassets.com/assets/vendors-node_modules_github_selector-observer_dist_index_esm_js-9f960d9b217c.js]
[github.githubassets.com/assets/vendors-node_modules_primer_behaviors_dist_esm_focus-zone_js-086f7a27bac0.js]
[github.githubassets.com/assets/vendors-node_modules_github_relative-time-element_dist_index_js-c76945c5961a.js]
[github.githubassets.com/assets/vendors-node_modules_github_combobox-nav_dist_index_js-node_modules_github_markdown-toolbar-e-820fc0-bc8f02b96749.js]
[github.githubassets.com/assets/vendors-node_modules_github_auto-complete-element_dist_index_js-node_modules_github_catalyst_-8e9f78-14eb72583307.js]
[github.githubassets.com/assets/vendors-node_modules_github_text-expander-element_dist_index_js-8a621df59e80.js]
[github.githubassets.com/assets/vendors-node_modules_delegated-events_dist_index_js-node_modules_stacktrace-parser_dist_stack-443cd5-559829a63de0.js]
[github.githubassets.com/assets/vendors-node_modules_github_filter-input-element_dist_index_js-node_modules_github_remote-inp-b7d8f4-654130b7cde5.js]
[github.githubassets.com/assets/vendors-node_modules_github_file-attachment-element_dist_index_js-node_modules_primer_view-co-3959a9-134c7fee9431.js]
[github.githubassets.com/assets/github-elements-9e3dc735b5f9.js]
[github.githubassets.com/assets/element-registry-a4f804e14c5a.js]
[github.githubassets.com/assets/vendors-node_modules_github_mini-throttle_dist_index_js-node_modules_stacktrace-parser_dist_s-1acb1c-a745699a1cfa.js]
[github.githubassets.com/assets/vendors-node_modules_lit-html_lit-html_js-5b376145beff.js]
[github.githubassets.com/assets/vendors-node_modules_morphdom_dist_morphdom-esm_js-node_modules_github_memoize_dist_esm_index_js-05801f7ca718.js]
[github.githubassets.com/assets/vendors-node_modules_github_turbo_dist_turbo_es2017-esm_js-c91f4ad18b62.js]
[github.githubassets.com/assets/vendors-node_modules_delegated-events_dist_index_js-node_modules_github_hydro-analytics-clien-b632a3-7938aac89f16.js]
[github.githubassets.com/assets/vendors-node_modules_github_remote-form_dist_index_js-node_modules_scroll-anchoring_dist_scro-52dc4b-4fecca2d00e4.js]
[github.githubassets.com/assets/vendors-node_modules_color-convert_index_js-72c9fbde5ad4.js]
[github.githubassets.com/assets/vendors-node_modules_primer_behaviors_dist_esm_dimensions_js-node_modules_github_jtml_lib_index_js-95b84ee6bc34.js]
[github.githubassets.com/assets/vendors-node_modules_github_quote-selection_dist_index_js-node_modules_github_session-resume_-ff65ee-c202d20e2d3d.js]
[github.githubassets.com/assets/app_assets_modules_github_updatable-content_ts-5d7607113ea3.js]
[github.githubassets.com/assets/app_assets_modules_github_behaviors_task-list_ts-app_assets_modules_github_onfocus_ts-app_ass-421cec-9de4213015af.js]
[github.githubassets.com/assets/app_assets_modules_github_sticky-scroll-into-view_ts-94209c43e6af.js]
[github.githubassets.com/assets/app_assets_modules_github_behaviors_ajax-error_ts-app_assets_modules_github_behaviors_include-467754-244ee9d9ed77.js]
[github.githubassets.com/assets/app_assets_modules_github_behaviors_commenting_edit_ts-app_assets_modules_github_behaviors_ht-83c235-9285faa0e011.js]
[github.githubassets.com/assets/behaviors-91d3668ba8db.js]
[github.githubassets.com/assets/vendors-node_modules_delegated-events_dist_index_js-node_modules_github_catalyst_lib_index_js-06ff531-2ea61fcc9a71.js]
[github.githubassets.com/assets/notifications-global-6d6db5144cc3.js]
[github.githubassets.com/assets/code-menu-1ede15b5453d.js]
[github.githubassets.com/assets/react-lib-1fbfc5be2c18.js]
[github.githubassets.com/assets/vendors-node_modules_primer_react_lib-esm_Box_Box_js-8f8c5e2a2cbf.js]
[github.githubassets.com/assets/vendors-node_modules_primer_octicons-react_dist_index_esm_js-node_modules_primer_react_lib-es-541a38-6ce7d7c3f9ee.js]
[github.githubassets.com/assets/vendors-node_modules_primer_react_lib-esm_Button_Button_js-d5726d25c548.js]
[github.githubassets.com/assets/vendors-node_modules_primer_react_lib-esm_ActionList_index_js-1501d3ef83c2.js]
[github.githubassets.com/assets/vendors-node_modules_primer_react_lib-esm_Overlay_Overlay_js-node_modules_primer_react_lib-es-fa1130-829932cf63db.js]
[github.githubassets.com/assets/vendors-node_modules_primer_react_lib-esm_Text_Text_js-node_modules_primer_react_lib-esm_Text-7845da-c300384a527b.js]
[github.githubassets.com/assets/vendors-node_modules_primer_react_lib-esm_FormControl_FormControl_js-f17f2abffb7f.js]
[github.githubassets.com/assets/vendors-node_modules_primer_react_lib-esm_ActionMenu_ActionMenu_js-eaf74522e470.js]
[github.githubassets.com/assets/vendors-node_modules_github_catalyst_lib_index_js-node_modules_github_hydro-analytics-client_-4da1df-9de8d527f925.js]
[github.githubassets.com/assets/vendors-node_modules_react-router-dom_dist_index_js-3b41341d50fe.js]
[github.githubassets.com/assets/vendors-node_modules_primer_react_lib-esm_PageLayout_PageLayout_js-5a4a31c01bca.js]
[github.githubassets.com/assets/vendors-node_modules_primer_react_lib-esm_ConfirmationDialog_ConfirmationDialog_js-8ab472e2f924.js]
[github.githubassets.com/assets/vendors-node_modules_primer_react_lib-esm_Dialog_js-node_modules_primer_react_lib-esm_TabNav_-8321f5-2969c7508f3a.js]
[github.githubassets.com/assets/vendors-node_modules_primer_react_lib-esm_TreeView_TreeView_js-4d087b8e0c8a.js]
[github.githubassets.com/assets/vendors-node_modules_primer_react_lib-esm_AvatarStack_AvatarStack_js-node_modules_primer_reac-e8df95-53b8f38a33de.js]
[github.githubassets.com/assets/vendors-node_modules_github_mini-throttle_dist_index_js-node_modules_primer_react_lib-esm_Bre-b2e46d-c8ac19da4b57.js]
[github.githubassets.com/assets/ui_packages_react-core_create-browser-history_ts-ui_packages_react-core_AppContextProvider_ts-809ab9-5bc018b15303.js]
[github.githubassets.com/assets/ui_packages_react-core_register-app_ts-ab5db40dd360.js]
[github.githubassets.com/assets/ui_packages_paths_index_ts-8a9f668f1de0.js]
[github.githubassets.com/assets/ui_packages_ref-selector_RefSelector_tsx-dbbdef4348e2.js]
[github.githubassets.com/assets/ui_packages_commit-attribution_index_ts-ui_packages_commit-checks-status_index_ts-ui_packages-a73d65-239b92c64d22.js]
[github.githubassets.com/assets/app_assets_modules_react-shared_hooks_use-canonical-object_ts-ui_packages_code-view-shared_ho-3e492a-cde4692d0c71.js]
[github.githubassets.com/assets/app_assets_modules_github_blob-anchor_ts-app_assets_modules_github_filter-sort_ts-app_assets_-e50ab6-fd8396d2490b.js]
[github.githubassets.com/assets/react-code-view-0e42b0970878.js]
[github.com/fluidicon.png]
[github.githubassets.com/assets/react-code-view.959fb0b61e6a1de773e7.module.css]
[github.githubassets.com/favicons/favicon.png]
[github.githubassets.com/assets/vendors-node_modules_primer_react_lib-esm_Button_IconButton_js-node_modules_primer_react_lib--73d4d2-7feb4a337fc8.js]
[github.githubassets.com/assets/keyboard-shortcuts-dialog-07cc3a6b6201.js]
[github.githubassets.com/assets/vendors-node_modules_github_remote-form_dist_index_js-node_modules_delegated-events_dist_inde-94fd67-99519581d0f8.js]
[github.githubassets.com/assets/sessions-694c8423e347.js]
[github.com/login69f7.html]
[github.com/mebjas/mebjas.github.io/blob/master/assets/research/exposure_fusion/_/_esi/rails_csrf_token_form_hidden.c4ecde.delayed]
[github.com/mebjas/mebjas.github.io/blob/master/assets/research/exposure_fusion/document.getElementById(`input_${i}`).c5.delayed]
[github.com/mebjas/mebjas.github.io/blob/master/assets/research/exposure_fusion/ef.html]
[blog.minhazav.dev/assets/research/rockpaperscissor/main.css]
[blog.minhazav.dev/research/_.html]
[github.githubassets.com/assets/light-0eace2597ca3.css]
[github.githubassets.com/assets/dark-a167e256da9c.css]
[github.githubassets.com/assets/dark_dimmed-d11f2cf8009b.css]
[github.githubassets.com/assets/dark_high_contrast-ea7373db06c8.css]
[github.githubassets.com/assets/dark_colorblind-afa99dcf40f7.css]
[github.githubassets.com/assets/light_colorblind-af6c685139ba.css]
[github.githubassets.com/assets/light_high_contrast-578cdbc8a5a9.css]
[github.githubassets.com/assets/light_tritanopia-5cb699a7e247.css]
[github.githubassets.com/assets/dark_tritanopia-9b32204967c6.css]
[github.githubassets.com/assets/primer-primitives-366b5c973fad.css]
[github.githubassets.com/assets/primer-44fa1513ddd0.css]
[github.githubassets.com/assets/octocat-spinner-16px-EAF2F5-8b50b1cd56db.gif]
[github.githubassets.com/assets/octocat-spinner-32-EAF2F5-ada8eb30dd92.gif]
[github.githubassets.com/assets/background-yellowhatch-v3-ffd8c31a935a.png]
[github.githubassets.com/assets/octocat-spinner-16px-52b21dd0a90e.gif]
[github.githubassets.com/assets/success-efd72f97e9d5.png]
[github.githubassets.com/assets/error-27e08d342a06.png]
[github.githubassets.com/assets/octocat-spinner-32-36e32e38816e.gif]
[github.githubassets.com/assets/success@2x-99bbc9812c4f.png]
[github.githubassets.com/assets/error@2x-92d4bca0a053.png]
[github.githubassets.com/assets/global-6d852ff5d319.css]
[github.githubassets.com/assets/octocat-spinner-64-5a4957be9e70.gif]
[github.githubassets.com/assets/trans_bg-b507cc0d0e5d.gif]
[github.githubassets.com/assets/octocat-spinner-128-9d4bc3602169.gif]
[github.githubassets.com/assets/projects-beta-banner-mobile-d1fa5b9e56f6.png]
[github.githubassets.com/assets/projects-beta-banner-d9365bcc4da8.png]
[github.githubassets.com/assets/projects-beta-banner-dark-fc370172a740.png]
[github.githubassets.com/assets/heart-explosion-9235d9b294df.png]
[github.githubassets.com/assets/github-19c85be4af9c.css]
[github.githubassets.com/assets/ds-actions-prompt-banner-mobile-e5e057312e9f.png]
[github.githubassets.com/assets/ds-actions-prompt-banner-708e9c012f66.png]
[github.githubassets.com/assets/ds-actions-prompt-banner-mobile-dark-3f109897c743.png]
[github.githubassets.com/assets/ds-actions-prompt-banner-dark-7b6a0129760b.png]
[github.githubassets.com/assets/repository-6247ca238fd4.css]
[github.githubassets.com/assets/code-111be5e4092d.css]
[github.githubassets.com/assets/react-code-view.959fb0b61e6a1de773e7.module.css]
[github.githubassets.com/assets/vendors-node_modules_primer_behaviors_dist_esm_dimensions_js-node_modules_delegated-events_di-94a48b-793ce2c025bd.js]
[github.githubassets.com/assets/vendors-node_modules_virtualized-list_es_index_js-node_modules_github_template-parts_lib_index_js-878844713bc9.js]
[github.githubassets.com/assets/vendors-node_modules_github_filter-input-element_dist_index_js-node_modules_github_mini-throt-045591-e61dea04624f.js]
[github.githubassets.com/assets/app_assets_modules_github_filter-input_ts-a5bf7ded6592.js]
[github.githubassets.com/assets/app_assets_modules_github_ref-selector_ts-2b432e185ab2.js]
[github.githubassets.com/assets/app_assets_modules_github_behaviors_details_ts-app_assets_modules_github_onfocus_ts-app_asset-d34eef-a41bf0d2099a.js]
[github.githubassets.com/assets/settings-fc753971b087.js]
[github.githubassets.com/assets/signup-529c28197b91.js]
[github.com/opensearch.xml]
[github.com/login.html]
[github.com/manifest.json]
[github.com/password_reset.html]
[github.com/login69f7.html]
[github.com/mebjas/mebjas.github.io/blob/master/assets/research/exposure_fusion/_/_esi/rails_csrf_token_form_hiddenecde.html]
[github.com/mebjas/mebjas.github.io/blob/master/assets/research/exposure_fusion/document.getElementById(`input_${i}`).html]
[github.githubassets.com/assets/progressive-disclosure-line-7908f33fc4c6.svg]
[github.githubassets.com/assets/progressive-disclosure-line-dark-b31a1fc5e932.svg]
[github.githubassets.com/assets/octocat-spinner-darkmode-621ec25df5e9.svg]
[github.githubassets.com/assets/octocat-spinner-lightmode-3ac6fd33ead5.svg]
[github.githubassets.com/assets/rules-promo-banner-light-mobile-915fa9def8af.svg]
[github.githubassets.com/assets/rules-promo-banner-light-f2faab0aacee.svg]
[github.githubassets.com/assets/rules-promo-banner-dark-mobile-907c0c4a458d.svg]
[github.githubassets.com/assets/rules-promo-banner-dark-51278c312ec0.svg]
[github.com/signupa2d7.html]
[github.com/login.html]
[github.com/password_reset.html]
[github.com/signup3060.html]
[github.githubassets.com/assets/site-fe2057b57083.css]
[github.githubassets.com/assets/signup-489cd45d1285.css]
[github.githubassets.com/assets/signup-redesign-315451c451e2.js]
[github.githubassets.com/assets/launch-codes-mona-fallback@1x-baf96e8322b3.jpg]
[github.com/email_validity_checks.f4.delayed]
[github.com/password_validity_checks.f5.delayed]
[github.com/signup_check/username.f6.delayed]
[github.com/signupa2d7.html]
[github.com/security.html]
[github.com/signup3060.html]
[github.com/login9be0.html]
[github.githubassets.com/assets/mona-sans-d1bf285e9b9b.woff2]
[github.githubassets.com/assets/hubot-sans-752ab2a135fb.woff2]
[github.githubassets.com/assets/site-fe2057b57083.css]
[github.githubassets.com/assets/bg-e29af394bc47.jpg]
[github.githubassets.com/assets/signup-489cd45d1285.css]
[github.com/email_validity_checks.html]
[github.com/password_validity_checks.html]
[github.com/signup_check/username.html]
[github.githubassets.com/assets/security-b4588edfb09d.css]
[github.githubassets.com/assets/vendors-node_modules_delegated-events_dist_index_js-node_modules_stacktrace-parser_dist_stack-8189f0-ad9bd976bce2.js]
[github.githubassets.com/assets/marketing-325e49dd2de2.js]
[github.com/login9483.html]
[github.com/features/actions.html]
[github.com/features/packages.html]
[github.com/features/security.html]
[github.com/features/codespaces.html]
[github.com/features/copilot.html]
[github.com/features/code-review.html]
[github.com/features/issues.html]
[github.com/features/discussions.html]
[github.com/features.html]
[github.com/enterprise.html]
[github.com/team.html]
[github.com/enterprise/startups.html]
[github.com/customer-stories.html]
[github.com/solutions/ci-cd/index.html]
[github.com/solutions/devops/index.html]
[github.com/sponsors.html]
[github.com/readme.html]
[github.com/topics.html]
[github.com/trending.html]
[github.com/collections.html]
[github.com/pricing.html]
[github.com/_/_esi/rails_csrf_token_form_hidden.1190d7a.delayed]
[github.com/search/custom_scopes/check_name.11a.delayed]
[github.com/signup12c4.html]
[github.com/logine7b6.html]
[github.githubassets.com/assets/security-hero-bg-5dbb4c212d63.jpg]
[github.githubassets.com/assets/security-hero-spice-95721104ad05.png]
[github.githubassets.com/assets/secuirty-hero-spice-2-87d73da615f1.png]
[github.com/enterprise/advanced-security.html]
[github.githubassets.com/assets/logo-gdpr-a6faa2329282.jpg]
[github.com/enterprise/contactecc8.html]
[github.githubassets.com/assets/logo-soc-2868934f5b55.jpg]
[github.githubassets.com/assets/logo-fr-83c845746773.jpg]
[github.githubassets.com/assets/logo-csa-f6581aec7d12.jpg]
[github.githubassets.com/assets/security-footer-spice-9430bac0df15.png]
[github.com/github/roadmap.html]
[github.com/premium-support.html]
[github.com/about.html]
[github.com/customer-stories49ee.html]
[github.com/about/press.html]
[github.com/about/diversity.html]
[github.com/github.html]
[github.com/github/site-policy/pull/582.html]
[github.com/sitemap.html]
[github.com/security.html]
[github.com/git-guides.html]
[github.com/login9be0.html]
[github.com/signup0e38.html]
[github.githubassets.com/assets/cursor-pause-492c4cbf3823.svg]
[github.githubassets.com/assets/cursor-play-962489b084fb.svg]
[github.githubassets.com/assets/security-b4588edfb09d.css]
[github.com/login9483.html]
[github.com/signup35cb.html]
[github.githubassets.com/assets/feature-actions-af68635ea2ed.css]
[github.com/features/_/_esi/rails_csrf_token_form_hidden.13548ee.delayed]
[github.githubassets.com/assets/hero-bg-e5e65d17dbac.jpg]
[github.com/features/code-search.html]
[github.githubassets.com/assets/pr-checks-final-e705472dc88c.png]
[github.githubassets.com/assets/coveralls-0461bb5f849a.png]
[github.githubassets.com/assets/axosoft-03af52bfcb75.png]
[github.githubassets.com/assets/mabl-8f6558c0cd13.png]
[github.com/features/actions.html]
[github.githubassets.com/assets/feature-packages-a12a443ee887.css]
[github.githubassets.com/assets/marketing-packages-1b76d50b84af.js]
[github.com/features/_/_esi/rails_csrf_token_form_hidden.13e3fe3.delayed]
[github.githubassets.com/assets/bg-top-d2dc18395ef1.png]
[github.githubassets.com/assets/maven-11a1831b84c7.png]
[github.githubassets.com/assets/code-00bfd2559df5.png]
[github.githubassets.com/assets/package-docker-32a904dbd1cf.png]
[github.githubassets.com/assets/icon-private-7a8c43c7ded4.png]
[github.githubassets.com/assets/package-npm-ea1d39a8f7a8.png]
[github.githubassets.com/assets/icon-public-263a8bde47ec.png]
[github.githubassets.com/assets/package-ruby-73d123a20fdd.png]
[github.githubassets.com/assets/icon-secure-login-da97e45d4b7a.png]
[github.githubassets.com/assets/icon-integration-d8116306cd00.png]
[github.githubassets.com/assets/icon-cdn-ce47a2a31247.png]
[github.githubassets.com/assets/cesium-9339e8b27f14.png]
[github.githubassets.com/assets/icon-publish-07eb5e78b695.png]
[github.githubassets.com/assets/icon-trigger-64aad6024dba.png]
[github.githubassets.com/assets/icon-workflow-0acf5abe4de4.png]
[github.githubassets.com/assets/bg-bottom-f739ddfa2f5e.png]
[github.com/features/packages.html]
[github.githubassets.com/assets/feature-security-de59d297648e.css]
[github.com/features/_/_esi/rails_csrf_token_form_hidden.1503abe.delayed]
[github.githubassets.com/assets/cmake-window-388a43f63d57.png]
[github.com/features/security/code.html]
[github.githubassets.com/assets/cmake-steps-dc42dda71b52.png]
[github.githubassets.com/assets/terminal-d5613da562c5.png]
[github.githubassets.com/assets/code-scanning-be4b33ffb18c5e1f.png]
[github.githubassets.com/assets/issues-c912434b34245e1f.png]
[github.githubassets.com/assets/vscode-8c00714873bf.png]
[github.githubassets.com/assets/dependency-graph-bg-2dd2489bb5d4.png]
[github.com/features/security/software-supply-chain.html]
[github.githubassets.com/assets/dependency-graph-list-6d3c0d4c36855e1f.png]
[github.githubassets.com/assets/dependabot-repo-deeda3bdeaf0.png]
[github.githubassets.com/assets/pr-bg-3bf699ecec99.png]
[github.githubassets.com/assets/pr-comment-63e58cf165bc.png]
[github.githubassets.com/assets/dependabot-icon-3f88d04d37bc.png]
[github.githubassets.com/assets/secrets-scanning-3bf69c1fdece.png]
[github.githubassets.com/assets/secrets-logos-adec44e15077.png]
[github.githubassets.com/assets/alerts-chart-550ecba86300.png]
[github.githubassets.com/assets/globe-bg-242b0ed7523f.jpg]
[github.githubassets.com/assets/leitsuch-db2380dcab54.jpg]
[github.githubassets.com/assets/gianni-942b801651ba.jpg]
[github.githubassets.com/assets/staicu-85654f930f22.jpg]
[github.com/features/security.html]
[github.githubassets.com/assets/feature-codespaces-6a30eb339595.css]
[github.com/features/_/_esi/rails_csrf_token_form_hidden.1679340.delayed]
[github.githubassets.com/assets/illo-hero-1-c1857e2a523a.png]
[github.githubassets.com/assets/illo-hero-menu-a12d028e8f02.png]
[github.githubassets.com/assets/illo-hero-ide-e7d1755f1083.png]
[github.githubassets.com/assets/glow-new-5791965524ef.png]
[github.githubassets.com/assets/editor-vscode-56ffbd1beabb.png]
[github.githubassets.com/assets/editor-jet-brains-140db5aaf9b6.png]
[github.githubassets.com/assets/editor-jupiter-e366bdc4cfa8.png]
[github.githubassets.com/assets/illo-vscode-new-5a3469c50818.png]
[github.githubassets.com/assets/illo-terminal-new-96424e429328.png]
[github.githubassets.com/assets/illo-cpu-new-3e7c7d337f91.png]
[github.githubassets.com/assets/illo-env-bg-cc4e4e38334d.png]
[github.githubassets.com/assets/illo-env-ports-settings-b42a88a82931.png]
[github.githubassets.com/assets/illo-env-post-create-27e0b4fe6216.png]
[github.githubassets.com/assets/illo-env-extensions-d9b991629fec.png]
[github.githubassets.com/assets/intellicode-08346cb96aee.png]
[github.githubassets.com/assets/es-lint-a6270aa432db.png]
[github.githubassets.com/assets/prettier-56b81d563c16.png]
[github.githubassets.com/assets/live-server-5655ddabe4fb.png]
[github.githubassets.com/assets/live-share-26e8558d0d6d.png]
[github.githubassets.com/assets/docker-b971ce42608c.png]
[github.githubassets.com/assets/gitlens-5ac6f32267ac.png]
[github.githubassets.com/assets/debugger-for-java-6547b7581b8b.png]
[github.githubassets.com/assets/illo-hello-1-22623fc0efb0.png]
[github.githubassets.com/assets/illo-context-menu-51a3417d6621.png]
[github.githubassets.com/assets/illo-cursor-ad4eda534eba.png]
[github.githubassets.com/assets/illo-ports-cb650eaf237c.png]
[github.githubassets.com/assets/clint-4667ba8c5c8c.png]
[github.githubassets.com/assets/katie-4d1f56e6eec4.jpg]
[github.githubassets.com/assets/robbie-d49d2db959ab.png]
[github.githubassets.com/assets/keith-0868c6b50a25.png]
[github.com/features/codespaces.html]
[github.githubassets.com/assets/landing-pages-b2ecc374de92.css]
[github.githubassets.com/assets/feature-copilot-a9560adba4d0.css]
[github.githubassets.com/assets/vendors-node_modules_three_build_three_module_js-1ad31d7d6e9e.js]
[github.githubassets.com/assets/vendors-node_modules_three_examples_jsm_loaders_GLTFLoader_js-c2d8579e2e7a.js]
[github.githubassets.com/assets/marketing-copilot-head-267537ce1115.js]
[github.githubassets.com/assets/vendors-node_modules_primer_react-brand_lib_index_js-0f4d11ad56dc.js]
[github.githubassets.com/assets/vendors-node_modules_contentful_rich-text-html-renderer_dist_rich-text-html-renderer_es5_js-n-32a533-5bd265019ed1.js]
[github.githubassets.com/assets/ui_packages_safe-storage_safe-storage_ts-ui_packages_consent-experience_ConsentExperience_tsx-e8cc87310310.js]
[github.githubassets.com/assets/landing-pages-c60ff133cc85.js]
[github.com/features/_/_esi/rails_csrf_token_form_hidden.18f0e8d.delayed]
[github.com/features/copilot/plans.html]
[github.com/images/modules/site/copilot/hero.jpg]
[github.com/images/modules/site/copilot/enterprise-1.jpg]
[github.com/images/modules/site/copilot/enterprise-4.jpg]
[github.com/images/modules/site/copilot/enterprise-5.jpg]
[github.com/images/modules/site/copilot/productivity-bg-head.png]
[github.com/images/modules/site/copilot/features-bento-4-google.png]
[github.com/images/modules/site/copilot/features-bento-4-apple.png]
[github.com/features/copilot.html]
[github.githubassets.com/assets/site-legacy-66d5e5c9cbe3.css]
[github.com/features/_/_esi/rails_csrf_token_form_hidden.199bd28.delayed]
[github.githubassets.com/assets/pull-request-53018d35a206.png]
[github.githubassets.com/assets/diff-497b5f6ceb3e.png]
[github.githubassets.com/assets/history-b8be0d0e3ce1.png]
[github.githubassets.com/assets/blame-f6dcc91fcbe3.png]
[github.githubassets.com/assets/comment-simple-d7604c19767b.png]
[github.githubassets.com/assets/review-request-2-2e8226ce9099.png]
[github.githubassets.com/assets/reviews-67f7671282d5.png]
[github.githubassets.com/assets/conflict-52f87842e0bb.png]
[github.githubassets.com/assets/codecov-40876002b970.png]
[github.githubassets.com/assets/codacy-dark-a1a7eabfffc4.png]
[github.githubassets.com/assets/coveralls-bdc993f232f9.png]
[github.githubassets.com/assets/codefactor-a3b2fcf3c292.png]
[github.githubassets.com/assets/contribution-graph-7a510a7e3e88.png]
[github.com/features/code-review.html]
[github.githubassets.com/assets/feature-issues-29613039977b.css]
[github.com/features/_/_esi/rails_csrf_token_form_hidden.1a89836.delayed]
[github.githubassets.com/assets/circle-80c8b191e470.png]
[github.githubassets.com/assets/circle-arrows-d15c5e4b9f7d.png]
[github.githubassets.com/assets/avatar-14-8b8d96e6facc.jpg]
[github.githubassets.com/assets/pr-open-4226c84e97a8.png]
[github.githubassets.com/assets/avatar-15-be838fc3387a.png]
[github.githubassets.com/assets/avatar-16-02d777abcbda.png]
[github.githubassets.com/assets/avatar-18-c926e3fd44f1.jpg]
[github.githubassets.com/assets/emoji-heart-570791cb4972.png]
[github.githubassets.com/assets/avatar-17-be0341106ddd.png]
[github.githubassets.com/assets/avatar-19-39bb2f8cb532.jpg]
[github.githubassets.com/assets/avatar-20-acd58bf01a3c.png]
[github.githubassets.com/assets/avatar-22-54ab7e5d6b02.jpg]
[github.githubassets.com/assets/avatar-21-1e4002ef7f7c.png]
[github.githubassets.com/assets/icon-external-6224c83acef5.png]
[github.githubassets.com/assets/emoji-tada-471b8d16ec14.png]
[github.githubassets.com/assets/avatar-23-e4d345ffbd04.jpg]
[github.githubassets.com/assets/avatar-24-fc7a07e8cceb.jpg]
[github.githubassets.com/assets/pr-merged-fb94d6d38939.png]
[github.githubassets.com/assets/avatar-25-ce7f9b8fc4b2.jpg]
[github.githubassets.com/assets/avatar-26-5118267d069c.jpg]
[github.githubassets.com/assets/avatar-stack-2-0b484847cfc0.png]
[github.githubassets.com/assets/pr-ready-8540b06e719b.png]
[github.githubassets.com/assets/emoji-thumbs-bbac1b991b65.png]
[github.githubassets.com/assets/avatar-27-c49a95962ba0.jpg]
[github.githubassets.com/assets/avatar-13-cbb5197d4eb7.jpg]
[github.githubassets.com/assets/avatar-12-1ae4ca24b345.png]
[github.githubassets.com/assets/avatar-2-5c21bacd106a.jpg]
[github.githubassets.com/assets/avatar-1-8620ee3ae202.jpg]
[github.githubassets.com/assets/avatar-6-f3bdd9845895.png]
[github.githubassets.com/assets/avatar-stack-2e8f4d432e04.png]
[github.githubassets.com/assets/avatar-5-89d2347f918e.png]
[github.githubassets.com/assets/emoji-eyes-9a19c6dcd08a.png]
[github.githubassets.com/assets/avatar-4-0069421db8df.jpg]
[github.githubassets.com/assets/avatar-3-d27075042d6c.jpg]
[github.githubassets.com/assets/avatar-8-20ba21176f76.png]
[github.githubassets.com/assets/avatar-10-296174dfe995.png]
[github.githubassets.com/assets/avatar-9-689cfff77d84.png]
[github.githubassets.com/assets/line-repeat-11f9432a7c55.png]
[github.githubassets.com/assets/line-arrows-ce45d2fc6520.png]
[github.githubassets.com/assets/idea-e0c7fc053321.png]
[github.githubassets.com/assets/launch-6e16121e8497.png]
[github.githubassets.com/assets/board-glow-cfc448aa0620.png]
[github.githubassets.com/assets/memex-view-board-cebeb9984e53.png]
[github.githubassets.com/assets/memex-view-table-ab6c736cecef.png]
[github.githubassets.com/assets/memex-view-roadmap-55ec09564df0.png]
[github.githubassets.com/assets/issue-tasks-progress-reduced-motion-d920d5bbc273.png]
[github.githubassets.com/assets/issue-tasks-progress-placeholder-c6a1ffe90071.png]
[github.githubassets.com/assets/event-1-avatar-f71e13da282c.png]
[github.githubassets.com/assets/avatar-bot-0766463cf3ab.png]
[github.githubassets.com/assets/avatar-grrretel-027c2ab251fd.png]
[github.githubassets.com/assets/avatar-chiedo-f3b9b6b49c5a.png]
[github.githubassets.com/assets/event-4-avatar-cf14ce0acc7e.png]
[github.githubassets.com/assets/video-frame-07b6b7d37dc3.png]
[github.githubassets.com/assets/game-placeholder-144513509cfd.jpg]
[github.githubassets.com/assets/avatar-preciselyalyss-3ffb4f0ef7f9.png]
[github.githubassets.com/assets/memex-roadmap-dark-0665194fab6f.png]
[github.githubassets.com/assets/memex-table-slice-dark-8fde73579a0b.png]
[github.githubassets.com/assets/memex-board-dark-48efb683527e.png]
[github.githubassets.com/assets/command-palette-5ede80b1a9ce.png]
[github.githubassets.com/assets/issue-custom-fields-reduced-motion-dd7b91ab2517.jpg]
[github.githubassets.com/assets/issue-custom-fields-placeholder-677f3162f28e.jpg]
[github.githubassets.com/assets/memex-insights-c93a85afaa0e.png]
[github.githubassets.com/assets/memex-template-dark-a0c04bc0d1eb.png]
[github.githubassets.com/assets/memex-workflows-f2c04e1278f3.png]
[github.githubassets.com/assets/issues-mobile-android-e2a837018f22.png]
[github.githubassets.com/assets/issues-mobile-ios-c320fd1406eb.png]
[github.githubassets.com/assets/shopify-testimonial-356f13b27122.jpg]
[github.com/features/issues.html]
[github.githubassets.com/assets/feature-discussions-a3059c25550f.css]
[github.com/features/_/_esi/rails_csrf_token_form_hidden.1ed39b9.delayed]
[github.githubassets.com/assets/hero-glow-16a2d2cb9bac.png]
[github.githubassets.com/assets/overview-d34a37d61239.png]
[github.githubassets.com/assets/JohnCreek-effa7b3a5c1e.jpg]
[github.githubassets.com/assets/enstyled-ef64e27fd9d6.jpg]
[github.githubassets.com/assets/pifafu-5ae4534031cb.jpg]
[github.githubassets.com/assets/tobiasahlin-26166e26f8c6.jpg]
[github.githubassets.com/assets/jesussandreas-ffa349fd3ba0.jpg]
[github.githubassets.com/assets/cameronfoxly-28e2a7a00d87.jpg]
[github.githubassets.com/assets/mdo-19df094ff3fd.jpg]
[github.githubassets.com/assets/robotocat-98d38d50dd94.png]
[github.githubassets.com/assets/ajashams-0ed33b1954d4.jpg]
[github.githubassets.com/assets/aliciabonnington-b9ff9b595553.jpg]
[github.githubassets.com/assets/pin-discussions-98ad983ec17b.png]
[github.githubassets.com/assets/custom-categories-9969f7a5344a.png]
[github.githubassets.com/assets/label-and-organize-fbd2baa6ab89.png]
[github.githubassets.com/assets/mobile-screen-c15f7049386c.png]
[github.githubassets.com/assets/cta-glow-68785fe7ee57.png]
[github.com/features/discussions.html]
[github.githubassets.com/assets/features-3326a3524b56.css]
[github.com/login9290.html]
[github.com/_/_esi/rails_csrf_token_form_hidden.2013a7f.delayed]
[github.githubassets.com/assets/copilot-feature-48a0201304ec.jpg]
[github.com/signup9a0d.html]
[github.com/features/preview.html]
[github.com/features/index.html]
[github.com/signup.html]
[github.githubassets.com/assets/bg-collaboration-glow-5ecce6746802.png]
[github.githubassets.com/assets/illo-collaboration-diff-view-123ad4996706.png]
[github.githubassets.com/assets/illo-collaboration-convo-263b174f7b66.png]
[github.githubassets.com/assets/illo-security-window-783265fb48d8.png]
[github.com/marketplace158b.html]
[github.githubassets.com/assets/bg-more-4961b768fc12.png]
[github.com/enterprise/contactf6bd.html]
[github.githubassets.com/assets/illo-apps-mobile-bg-f1a193209356.png]
[github.githubassets.com/assets/illo-apps-mobile-fg-9fe71add5559.png]
[github.githubassets.com/assets/illo-project-management-bg-16c6c66992e2.png]
[github.com/mobile.html]
[github.githubassets.com/assets/illo-project-management-mg-b565eef92d37.png]
[github.githubassets.com/assets/illo-project-management-fg-c6a64d016a9f.png]
[github.githubassets.com/assets/icon-team-admin-741fc670d3b9.png]
[github.githubassets.com/assets/illo-team-admin-window-955e88d7aba2.png]
[github.githubassets.com/assets/illo-team-admin-member-a2cc5b72f2ef.png]
[github.githubassets.com/assets/illo-team-admin-roles-5a0954033ace.png]
[github.com/marketplace.html]
[github.com/signup5842.html]
[github.com/organizations/enterprise_plan092c.html]
[github.com/features.html]
[github.githubassets.com/assets/enterprise-react-5ebb3a4ea1d5.css]
[github.com/enterprise/contact647a.html]
[github.githubassets.com/assets/marketing-enterprise-8737a6f0fcf9.js]
[github.com/logindc1c.html]
[github.com/_/_esi/rails_csrf_token_form_hidden.222f0d5.delayed]
[github.com/signupcd28.html]
[github.githubassets.com/assets/eyebrow-galaxy-24@2x-05e61719c59a.png]
[github.com/organizations/enterprise_pland977.html]
[github.com/enterprise/contactc8c7.html]
[github.com/images/modules/site/enterprise/2023/hero-visual.png]
[github.com/images/modules/site/enterprise/2023/logos/logo-stripe.svg]
[github.com/images/modules/site/enterprise/2023/logos/logo-twilio.svg]
[github.com/images/modules/site/enterprise/2023/logos/logo-spotify.svg]
[github.com/images/modules/site/enterprise/2023/logos/logo-arduino.svg]
[github.com/images/modules/site/enterprise/2023/logos/logo-ford.svg]
[github.com/images/modules/site/enterprise/2023/logos/logo-3m.svg]
[github.com/images/modules/site/enterprise/2023/logos/logo-pg.svg]
[github.com/images/modules/site/enterprise/2023/logos/logo-aa.svg]
[github.com/images/modules/site/enterprise/2023/logos/logo-nationwide.svg]
[github.com/images/modules/site/enterprise/2023/logos/logo-kpmg.svg]
[github.com/organizations/enterprise_pland7a7.html]
[github.com/images/modules/site/enterprise/2023/devops.png]
[github.com/images/modules/site/enterprise/2023/platform.png]
[github.com/images/modules/site/enterprise/2023/ai.png]
[github.com/images/modules/site/enterprise/2023/avatar-emilio.png]
[github.com/images/modules/site/enterprise/2023/element-1.png]
[github.com/images/modules/site/enterprise/2023/element-2.png]
[github.com/images/modules/site/enterprise/2023/copilot-icon.png]
[github.com/images/modules/site/enterprise/2023/code-window.png]
[github.com/customer-stories/mercado-libre.html]
[github.com/images/modules/site/enterprise/2023/mercado-libre.jpg]
[github.com/images/modules/site/enterprise/2023/ci-cd.png]
[github.com/images/modules/site/enterprise/2023/time.png]
[github.com/images/modules/site/enterprise/2023/testing.png]
[github.com/customer-stories/dvag.html]
[github.com/images/modules/site/enterprise/2023/dvag.jpg]
[github.com/images/modules/site/enterprise/2023/terminal.png]
[github.com/images/modules/site/enterprise/2023/globe.png]
[github.com/images/modules/site/enterprise/2023/reduce.png]
[github.com/customer-stories/telus.html]
[github.com/images/modules/site/enterprise/2023/telus.jpg]
[github.com/organizations/enterprise_plan63e9.html]
[github.com/enterprise/contactf875.html]
[github.com/marketplace47d9.html]
[github.com/enterprise.html]
[github.com/enterprise/contact.html]
[github.githubassets.com/assets/team-22d7b9d49741.css]
[github.com/loginf6b1.html]
[github.com/_/_esi/rails_csrf_token_form_hidden.24d4ce0.delayed]
[github.com/signup37f6.html]
[github.githubassets.com/assets/califa-1ed7dddbe5d0.jpg]
[github.com/signup7829.html]
[github.githubassets.com/assets/ohjoycelau-ffc18e400d35.jpg]
[github.githubassets.com/assets/lerebear-9bbe80165605.jpg]
[github.githubassets.com/assets/teenage-witch-12c6ca8df12f.jpg]
[github.githubassets.com/assets/broccolini-617b23298f88.jpg]
[github.githubassets.com/assets/benbalter-bcd77755ea5c.jpg]
[github.githubassets.com/assets/dialogue-califa-398a5d8ed341.png]
[github.githubassets.com/assets/dialogue-teenage-witch-c100d21398a2.png]
[github.githubassets.com/assets/dialogue-broccolini-53bcb3c38a9d.png]
[github.githubassets.com/assets/team-hero-artwork--mobile-1c8ea610c17d.png]
[github.githubassets.com/assets/integrations-1-0e4ac8f660ac.png]
[github.githubassets.com/assets/integrations-2-d0d5052e34b7.png]
[github.githubassets.com/assets/integrations-3-0eb8629976dc.png]
[github.githubassets.com/assets/integrations-4-a9f71db3ec4a.png]
[github.githubassets.com/assets/integrations-5-980139e8195f.png]
[github.githubassets.com/assets/integrations-6-378b8d4ec66b.png]
[github.githubassets.com/assets/access-87b1db9274e4.png]
[github.com/marketplace/jira-software-github.html]
[github.githubassets.com/assets/code-review-5bb65d17b71b.png]
[github.githubassets.com/assets/projects-36af2ec9bad1.png]
[github.githubassets.com/assets/peakmoney-bg-flat-de11f4cc76e8.jpg]
[github.githubassets.com/assets/peak-money-807e8e3a9bf5.jpg]
[github.githubassets.com/assets/workflow-b3ba24f1f940.png]
[github.com/marketplace/actions/checkout.html]
[github.com/marketplace/actions/setup-node-js-environment.html]
[github.githubassets.com/assets/frontapp-bg-flat-4e5432484b26.jpg]
[github.com/marketplace/actions/npm-publish.html]
[github.githubassets.com/assets/front-app-3ecb5cdc2b09.jpg]
[github.githubassets.com/assets/security-overlay-b4a0cb3c15cc.png]
[github.githubassets.com/assets/trayio-bg-flat-ceaafe883852.jpg]
[github.githubassets.com/assets/tray-io-1a57b588f8e5.jpg]
[github.githubassets.com/assets/kubernetes-b12542ff9919.png]
[github.githubassets.com/assets/mailchimp-2ccb2b8c59a3.png]
[github.githubassets.com/assets/tensorflow-5a8835d7990d.png]
[github.githubassets.com/assets/directus-7c51e09d34a8.png]
[github.githubassets.com/assets/circle-b6e996af8325.png]
[github.githubassets.com/assets/societe-generale-622d313c941f.png]
[github.githubassets.com/assets/vue-20938d995e75.png]
[github.githubassets.com/assets/gatsby-bbce9c4739e6.png]
[github.githubassets.com/assets/python-90ae3fc0372f.png]
[github.githubassets.com/assets/zendesk-7898342287ca.png]
[github.githubassets.com/assets/dazn-d5efacceeb1c.png]
[github.githubassets.com/assets/dotnet-ac033f621ef5.png]
[github.githubassets.com/assets/tenancy-e16534b353e8.png]
[github.githubassets.com/assets/stripe-395e1b0912cb.png]
[github.githubassets.com/assets/django-26ff1dafd1ce.png]
[github.githubassets.com/assets/frontapp-e70567067693.jpg]
[github.com/customer-stories/front.html]
[github.githubassets.com/assets/trayio-4724cae4c37b.jpg]
[github.com/customer-stories/trayio.html]
[github.com/customer-stories28f8.html]
[github.com/team.html]
[github.githubassets.com/assets/marketing-startups-d2532024ad65.css]
[github.githubassets.com/assets/marketing-startups-10611c36ac2f.js]
[github.githubassets.com/assets/marketing-form-validator-6c3a4c9d241c.js]
[github.com/enterprise/_/_esi/rails_csrf_token_form_hidden.28cf255.delayed]
[github.githubassets.com/assets/pr-comment-f9cc99061532.png]
[github.githubassets.com/assets/code-review-1-7e2c82211e42.png]
[github.githubassets.com/assets/code-review-2-eaf0423ce69a.png]
[github.githubassets.com/assets/dependabot-notif-c7e7d63016085e1f.png]
[github.githubassets.com/assets/workflow-file-9bf012faa81b.png]
[github.githubassets.com/assets/action-1-371d42c423e6.png]
[github.githubassets.com/assets/action-2-3b1dd7ab015e.png]
[github.githubassets.com/assets/action-3-4669dc695115.png]
[github.githubassets.com/assets/action-4-e65556972e5c.png]
[github.com/enterprise/startups.html]
[github.githubassets.com/assets/ci-cd-0eafbbbbc20a.css]
[github.com/enterprise/startups/partners.html]
[github.com/solutions/ci-cd/_/_esi/rails_csrf_token_form_hidden.2985ba2.delayed]
[github.githubassets.com/assets/code-review-1-66fdeb4e8eb7.png]
[github.githubassets.com/assets/code-review-2-9833dc5b8ab7.png]
[github.githubassets.com/assets/codeql-1-e6a7983733f1.png]
[github.githubassets.com/assets/codeql-2-548c6c7809f3.png]
[github.githubassets.com/assets/codeql-3-fb5ed864e29f.png]
[github.githubassets.com/assets/codeql-bg-080e4d2bb2bc.png]
[github.githubassets.com/assets/workflow-1-1d2c82ff0500.png]
[github.githubassets.com/assets/workflow-2-281d5cbd0959.png]
[github.githubassets.com/assets/workflow-bg-6835f2750460.png]
[github.githubassets.com/assets/illu-actions-942cbf595214.png]
[github.githubassets.com/assets/illu-packages-81dcf9a5c41a.png]
[github.githubassets.com/assets/illu-advanced-security-b49df168ff28.png]
[github.githubassets.com/assets/illu-code-review-8f4f99f5f1a1.png]
[github.com/solutions/ci-cd/index.html]
[github.com/solutions/devops/_/_esi/rails_csrf_token_form_hidden.2a6abef.delayed]
[images.ctfassets.net/8aevphvgewt8/2Z3Y0NdYm0a1mwA1iZ3e9X/d8624c8feaaaca6fad77717917120cb7/1517546627497.jpg]
[github.com/solutions/devops/index.html]
[github.githubassets.com/assets/customer-stories-c6cea23ba1fa.css]
[github.com/login0700.html]
[github.com/_/_esi/rails_csrf_token_form_hidden.2aa4d9d.delayed]
[github.com/signupc84c.html]
[github.githubassets.com/assets/homepage-gradient-mobile-a7ebb27b7922.png]
[github.githubassets.com/assets/homepage-gradient-071e6c8a6b2e.jpg]
[github.com/customer-stories/enterprise.html]
[github.com/customer-stories/team.html]
[github.com/customer-stories/all.html]
[github.com/organizations/enterprise_plan020c.html]
[images.ctfassets.net/aukesvz1i7g8/B5soWT6rEOFCz6hRm9rrz/0893d06dc5842bdd196628522e67e789/philips-logo.png]
[images.ctfassets.net/aukesvz1i7g8/RDmrAsTVuPvbb23BIcKCB/73783ce659c1d20ed2705754d430a053/Hero_Image205a.jpg]
[github.com/customer-stories/philips.html]
[images.ctfassets.net/aukesvz1i7g8/5c1M5kbwCGjdRCB74CvHpO/8dafcf372b3403679db43b03bc0e8169/shopify-mono-white.png]
[images.ctfassets.net/aukesvz1i7g8/5GYrn64jvg9EEQ7CyIT0ys/3c84fec31cb0ebb6f376861d95de0ea0/shopify3205a.jpg]
[github.com/customer-stories/shopify.html]
[images.ctfassets.net/aukesvz1i7g8/9LOLJeVhP21QzE5cq0IkP/7923b984b4f75d31fde50fc1edcced23/21C0403_028205a.jpg]
[images.ctfassets.net/aukesvz1i7g8/1n9IAm8PAwVzxyKGLFIg57/eba33c0d6bed7e91487f4e998860a669/spotify-with-padding.png]
[github.com/customer-stories/mercedes-benz.html]
[images.ctfassets.net/aukesvz1i7g8/1IdlERjPOc6o0tMMwPktta/b371d94214b44328c3442343d5da438a/THD_logo.png]
[images.ctfassets.net/aukesvz1i7g8/yhYvjv48AZBZQHcgYy8GG/7e381bdab15f16acc817abcb73e8b901/stripe-with-padding.png]
[images.ctfassets.net/aukesvz1i7g8/1KtgtT4dysEMs1hujGn3qY/e86f9836af88c98608cc7782d6f5d031/American_Airlines_logo_2013.png]
[github.com/customer-stories/enterprise973f.html]
[github.com/customer-stories/enterprise22c6.html]
[github.com/customer-stories/enterprise12c5.html]
[github.com/customer-stories/enterprisee64a.html]
[github.com/customer-stories/enterprised6cb.html]
[github.com/customer-stories/enterprise5fae.html]
[github.com/customer-stories/enterprise01c6.html]
[github.com/customer-stories/enterpriseb552.html]
[github.com/customer-stories/enterprise5640.html]
[github.com/customer-stories/enterprise804e.html]
[github.com/customer-stories/enterprisea86b.html]
[github.com/customer-stories/enterprise44b9.html]
[github.com/customer-stories/enterprisef139.html]
[github.com/customer-stories/enterprise29f2.html]
[github.com/customer-stories/enterprise19fd.html]
[github.com/customer-stories/enterprise0ef1.html]
[github.com/customer-stories/enterprisee920.html]
[github.com/customer-stories/enterprisee44f.html]
[github.com/customer-stories/enterprisecdb0.html]
[github.com/customer-stories/enterprisec1a0.html]
[github.com/customer-stories/enterprise9498.html]
[github.com/customer-stories/enterprise737c.html]
[github.com/customer-stories/enterprise892d.html]
[github.com/customer-stories/enterprise086c.html]
[github.com/customer-stories/enterprised546.html]
[github.com/customer-stories/enterprisee9ef.html]
[github.com/customer-stories/enterprisedf19.html]
[github.com/customer-stories/enterpriseb655.html]
[github.com/customer-stories/enterprised985.html]
[github.com/customer-stories/enterprise0a01.html]
[github.com/customer-stories/enterprise6194.html]
[github.com/customer-stories/enterprise5cb3.html]
[github.com/customer-stories/enterprise2d9f.html]
[github.com/customer-stories/enterprisedd65.html]
[github.com/customer-stories/enterprise48f0.html]
[github.com/customer-stories/enterprise7281.html]
[github.com/customer-stories/enterprise7adb.html]
[github.com/customer-stories/enterprise58f9.html]
[github.com/customer-stories/enterprise962b.html]
[images.ctfassets.net/aukesvz1i7g8/1W1pAtbyUsPemRCfW5DwZi/cd8f3d5e79786d58d628d864fd6f97c1/hero885e.jpg]
[images.ctfassets.net/aukesvz1i7g8/5CRqPlB4ToS4L3yyh6focc/d57cc7cb0c9250a4c4d6da0cd1f5a1eb/lthero885e.jpg]
[github.com/customer-stories/jibo.html]
[images.ctfassets.net/aukesvz1i7g8/4cKowKzZX7CGJHuugdcZMB/a1ac95c49e6e37e5224af5e8f858c4bb/arduino-github-01885e.jpg]
[github.com/customer-stories/lambdatest.html]
[github.com/customer-stories/arduino.html]
[images.ctfassets.net/aukesvz1i7g8/RDmrAsTVuPvbb23BIcKCB/73783ce659c1d20ed2705754d430a053/Hero_Image885e.jpg]
[github.com/customer-stories/hover.html]
[images.ctfassets.net/aukesvz1i7g8/1Zi2RGTOfsUfoGZnRvGTT5/7686a9d216a32e7ae071a08205017431/zibasechero885e.jpg]
[github.com/customer-stories/zibasec.html]
[github.githubassets.com/assets/highlighted-story-background-00cf59ae6763.png]
[github.com/customer-stories/duolingo.html]
[github.com/customer-stories/team973f.html]
[github.com/customer-stories/team22c6.html]
[github.com/customer-stories/team12c5.html]
[github.com/customer-stories/teame64a.html]
[github.com/customer-stories/teamd6cb.html]
[github.com/customer-stories/team5fae.html]
[github.com/customer-stories/team01c6.html]
[github.com/customer-stories/teamb552.html]
[github.com/customer-stories/team5640.html]
[github.com/customer-stories/team804e.html]
[github.com/customer-stories/teama86b.html]
[github.com/customer-stories/team44b9.html]
[github.com/customer-stories/teamf139.html]
[github.com/customer-stories/team29f2.html]
[github.com/customer-stories/team19fd.html]
[github.com/customer-stories/team0ef1.html]
[github.com/customer-stories/teame920.html]
[github.com/customer-stories/teame44f.html]
[github.com/customer-stories/teamcdb0.html]
[github.com/customer-stories/teamc1a0.html]
[github.com/customer-stories/team9498.html]
[github.com/customer-stories/team737c.html]
[github.com/customer-stories/team892d.html]
[github.com/customer-stories/team086c.html]
[github.com/customer-stories/teamd546.html]
[github.com/customer-stories/teame9ef.html]
[github.com/customer-stories/teamdf19.html]
[github.com/customer-stories/teamb655.html]
[github.com/customer-stories/teamd985.html]
[github.com/customer-stories/team0a01.html]
[github.com/customer-stories/team6194.html]
[github.com/customer-stories/team5cb3.html]
[github.com/customer-stories/team2d9f.html]
[github.com/customer-stories/teamdd65.html]
[github.com/customer-stories/team48f0.html]
[github.com/customer-stories/team7281.html]
[github.com/customer-stories/team7adb.html]
[github.com/customer-stories/team58f9.html]
[github.com/customer-stories/team962b.html]
[images.ctfassets.net/aukesvz1i7g8/1ppAGUHGvv7l5VyzZC3MHT/935f564369980beed91efb23a8f38581/trustpilot4885e.jpg]
[images.ctfassets.net/aukesvz1i7g8/2sUDKQOT1CgpIvRUbnydu4/879bbfc65d1b19a2eae47d96982d8d82/buffer2885e.jpg]
[github.com/customer-stories/trustpilot.html]
[github.com/customer-stories/buffer.html]
[images.ctfassets.net/aukesvz1i7g8/2VJ2UyGPOi9vExuwQ6DqEb/8a0df592845920542699ba55e4d5fd09/cesiumhero885e.jpg]
[github.com/customer-stories/cesium.html]
[images.ctfassets.net/aukesvz1i7g8/lhJzZZ67j6XJgB0HweqXk/455b2a9ea46c05849050c1a5434c0929/knock5885e.jpg]
[github.com/customer-stories/knock.html]
[images.ctfassets.net/aukesvz1i7g8/2y99t3BIEsNKSTYIcDasz4/ac67d49532d4a0f5b391dce02d0f22c8/tray3885e.jpg]
[images.ctfassets.net/aukesvz1i7g8/7qLbOlG0yD5uINtouUwmgx/b3d74b3f93f82638004228e63be0b98c/sketchhero885e.jpg]
[images.ctfassets.net/aukesvz1i7g8/7qYNHFUpxcV4rGKeGhhi63/29fc5e7ddcba2ebf39862760863754f6/Ali_headshot08f9.png]
[github.com/customer-stories/sketch.html]
[images.ctfassets.net/aukesvz1i7g8/3ulmyRUep8GvUlycjbv62V/b01a3c41fe312cb1b22f4aa28f8f300b/Jen_headshot08f9.png]
[images.ctfassets.net/aukesvz1i7g8/1O4CylMFmbyD6V7TrVq3Vu/a653bd5f840f80b3b5ea5e341c1bb65f/Santosh_headshot08f9.png]
[images.ctfassets.net/aukesvz1i7g8/7sKronzZMQN0IDEyBqGy7a/569ca365727460b48de4e772833d996c/Avdesh_headshot08f9.png]
[github.com/login3498.html]
[github.com/customer-stories.html]
[github.com/organizations/enterprise_plandee2.html]
[github.githubassets.com/assets/vendors-node_modules_github_remote-form_dist_index_js-node_modules_delegated-events_dist_inde-dba5ad-1960f9781f41.js]
[github.githubassets.com/assets/sponsors-34be9f7dd134.js]
[github.githubassets.com/assets/feature-sponsors-81bccc068a59.css]
[github.com/logind5a6.html]
[github.com/_/_esi/rails_csrf_token_form_hidden.32f0fc4.delayed]
[github.com/signupf1fe.html]
[github.githubassets.com/assets/sponsors-hero-bg-1600-9fb1d755f0ea.jpg]
[github.com/sponsors/explore.html]
[github.com/loginb084.html]
[github.githubassets.com/assets/sponsors-contribute-illo-4b3b134d48d8.jpg]
[github.githubassets.com/assets/sponsors-contribute-illo-mobile-b0191e761255.jpg]
[github.githubassets.com/assets/stripe-88f075f94772.jpg]
[github.githubassets.com/assets/newrelic-5abcc46ddf69.jpg]
[github.com/mfix22.html]
[github.githubassets.com/assets/invest-dependency-bg-b121983698b4.png]
[github.com/thejonanshow.html]
[github.githubassets.com/assets/curl-4704c8c61b46.jpg]
[github.com/curl.html]
[github.githubassets.com/assets/openssl-fa9cf2d50ab5.jpg]
[github.com/sponsors/curl.html]
[github.com/openssl.html]
[github.com/sponsors/openssl.html]
[github.githubassets.com/assets/swannodette-ef11b10b4ae2.jpg]
[github.githubassets.com/assets/sponsors-map-bba42df1a091.png]
[github.com/swannodette.html]
[github.com/logine8e8.html]
[github.com/login600c.html]
[github.com/sponsors.html]
[github.githubassets.com/assets/readme-9bfb8577ecd9.css]
[github.com/login64d7.html]
[github.githubassets.com/assets/marketing-readme-4cd2cfbe0b34.js]
[github.com/login21fc.html]
[github.com/_/_esi/rails_csrf_token_form_hidden.34be0f5.delayed]
[images.ctfassets.net/s5uo95nf6njh/2EVYDFFwGAT6n0GZ2i3U8h/2f461996cfc3498431c50ae9deb295ba/OpenSourceMachineLearning-TheReadME-Project-2885e.jpg]
[github.com/signup757c.html]
[images.ctfassets.net/s5uo95nf6njh/2werY0p0ynpLzo40lccWf9/acbdec467167f656ac3fb55bf12c7cbe/ASSIGNED_Automation_Final_Tim_Peacock__1_ed54.jpg]
[github.com/readme/guides/open-source-machine-learning.html]
[images.ctfassets.net/s5uo95nf6njh/5s28HOz29Uh2PFbF2LNdWG/a4132fb536635da3f9b26530e1218a6f/Security_IMG_1392__1_ed54.jpg]
[github.com/readme/guides/coding-generative-ai.html]
[images.ctfassets.net/s5uo95nf6njh/6ENRKXlqYqgQ7KEF7UGW06/686027c49d02e85f98eaffc1a86c900d/ASSIGNED_DevOps-1_rescaled__1___2_ed54.jpg]
[github.com/readme/guides/hubspot-github-copilot.html]
[images.ctfassets.net/s5uo95nf6njh/2NQyZkQODnlSIOj7K2DNpS/b99fb15c1b6cc02911a8275ca834dd4a/Github-DevOps-1A__1_ed54.jpg]
[github.com/readme/guides/github-copilot-automattic.html]
[github.com/readme/guides/rust-mlops.html]
[github.com/readme/featured.html]
[github.com/readme/stories.html]
[github.com/readme/guides.html]
[github.com/readme/podcast.html]
[github.com/readme/topics.html]
[github.com/readme/topics/artificial-intelligence.html]
[github.com/readme/topics/application-security.html]
[github.com/readme/topics/career-development.html]
[github.com/readme/topics/devops-automation.html]
[github.com/readme/topics/maintainer.html]
[github.com/readme/topics/programming.html]
[github.com/login4bcd.html]
[images.ctfassets.net/s5uo95nf6njh/3AeK3GGFkeG6NF02Xa9HJP/3777d9722a7b08dd18dd85a0c0fd8767/1920x1080-RMP-E_33-Web-Coverb6a2.png]
[images.ctfassets.net/s5uo95nf6njh/fbLJUxamYKUOhv4gJ2OsH/578d8f34434c3754ae1a4863296b9fe2/Annalu-135_Headshot5f10.jpg]
[github.com/readme/podcast/powering-public-goods.html]
[github.com/readme/stories/annalu-waller.html]
[github.com/readme/topics/accessibility.html]
[images.ctfassets.net/s5uo95nf6njh/6ulTFszkp8y2ZZ9fUNxLwA/9ea4f532c8dddb571264858289af820d/Paul_vFeature_Art75ea.jpg]
[github.com/readme/featured/disability-creativity.html]
[images.ctfassets.net/s5uo95nf6njh/1yBuobTsmIBl6dCu0fArh5/247c85cc11475c51ddcc14b99f12b819/2000x1200-RMP-E_30-Slide-Cover7d72.png]
[github.com/readme/podcast/code-and-community.html]
[images.ctfassets.net/s5uo95nf6njh/2kUVGQruwErGBfvD235lBM/9a237722df53c45b3b6f1a6c979bd38f/DSC_453775ea.jpg]
[github.com/readme/stories/aaron-francis.html]
[github.com/readme/guides/formatters-linters-compilers.html]
[images.ctfassets.net/s5uo95nf6njh/4C55Dox08q1mHG9LwYn47e/57ea40e562735cfdfe9e2670b7677419/IMG_137075ea.jpg]
[images.ctfassets.net/s5uo95nf6njh/IVOCc7NZDBNGVdfz4Rkrc/c50ee3663af8f3e0fa12b5ad36833b2f/Github_Laravel__1_75ea.jpg]
[github.com/readme/featured/laravel-community.html]
[images.ctfassets.net/s5uo95nf6njh/5OJIIppZBMucnpzjPXS9FG/c7f88b0e848503c0db0225bdd0b7694d/Annalu-135_Headshot__1_400a.jpg]
[images.ctfassets.net/s5uo95nf6njh/7IyLxVhYlTlfr4QvMpzVSt/1480354ec0f3cd7c99ac8c55f70331ef/1080x1920-ReadMe-IG_Story_Image_Only-EP32-DevStory_2xe60c.png]
[github.com/readme/podcast/decoding-conventions.html]
[images.ctfassets.net/s5uo95nf6njh/1nyeCSafHNjjSkWEhiemCe/43a308b7e94496ec77e4106c7a531923/1080x1920-Episode_Art-30_2xe60c.png]
[github.com/readme/podcast/kelsey-hightower.html]
[images.ctfassets.net/s5uo95nf6njh/4mhPoQw1uGpqGG9YKy4jvH/7c1b96669654c4b324493bff9b9258db/ReadME_Project_Coding_Accessibility885e.jpg]
[github.com/readme/featured/open-source-aac.html]
[images.ctfassets.net/s5uo95nf6njh/3wEjId7w5ENXVnCsWGwvAq/97ce8335a69dd0c05b5f61348decd286/MV_Anton_TheReadMeproject-19__1_5f10.jpg]
[github.com/readme/stories/anton-mirhorodchenko.html]
[github.com/readme/stories/kyler-middleton.html]
[images.ctfassets.net/s5uo95nf6njh/1Lfz7Gpg5GiF4zcP03gnyB/81da7676e7e609067e45d21957eef159/Hero_Kyler_May2023_0028-275ea.jpg]
[images.ctfassets.net/s5uo95nf6njh/4cxrXjAroa8IXjN0xgX88P/42702e6c6583ac6deb995335c46b4711/Aaron_Gustafson___Color_575ea.jpg]
[github.com/readme/stories/aaron-gustafson.html]
[github.com/readme/stories/ruth-ikegah.html]
[images.ctfassets.net/s5uo95nf6njh/2VmdR9x8w2ExD6dcK083ZU/3ab14817a95f1108120ae9568fa63442/20230305LAG03075ea.jpg]
[images.ctfassets.net/s5uo95nf6njh/4E0KMWsMhYt0YWBS2TkJc5/b537a1c1629c904e94948ac8920530c6/Career_development-Github_ladders_final_copy__1_885e.jpg]
[github.com/readme/guides/federated-model.html]
[images.ctfassets.net/s5uo95nf6njh/5HmDzAbabubV0CFqYZMqfV/2c018344c5465f6336cd392d51c60ea7/Bettson_DevOps_Observability__1___1_75ea.jpg]
[github.com/readme/guides/custom-codeql-queries.html]
[github.com/readme/guides/github-runners-philips.html]
[images.ctfassets.net/s5uo95nf6njh/1Q86ZWIOSgo94x945IrFrR/b16d3e184edf884f1a0ab5bbc0c3c73a/Colorway_2__1_75ea.jpg]
[github.com/readme/guides/fix-accessibility-bugs.html]
[images.ctfassets.net/s5uo95nf6njh/5f5300A0bPWGYkGyDrJAts/0afc7ba8086caa8dfac60300cfd66092/Testing_III__1_75ea.jpg]
[github.com/readme.rss]
[github.com/readme.html]
[github.githubassets.com/assets/explore-e56a0802d3f5.css]
[github.githubassets.com/assets/dashboard-eff640980650.css]
[github.githubassets.com/assets/discussions-4a9715cdd9f3.css]
[github.com/readme/topics/open-source.html]
[github.com/login381e.html]
[github.com/_/_esi/rails_csrf_token_form_hidden.396969e.delayed]
[github.com/topics.html]
[github.com/trending.html]
[github.com/collections.html]
[github.com/pricing.html]
[github.com/_/_esi/rails_csrf_token_form_hidden0d7a.html]
[github.com/search/custom_scopes/check_name.html]
[github.com/signup12c4.html]
[github.com/logine7b6.html]
[github.com/enterprise/advanced-security.html]
[github.com/enterprise/contactecc8.html]
[github.com/github/roadmap.html]
[github.com/premium-support.html]
[github.com/about.html]
[github.com/customer-stories49ee.html]
[github.com/about/press.html]
[github.com/about/diversity.html]
[github.com/github.html]
[github.com/github/site-policy/pull/582.html]
[github.com/sitemap.html]
[github.com/git-guides.html]
[github.com/signup0e38.html]
[github.com/signup35cb.html]
[github.githubassets.com/assets/feature-actions-af68635ea2ed.css]
[github.com/features/_/_esi/rails_csrf_token_form_hidden48ee.html]
[github.com/features/code-search.html]
[github.githubassets.com/assets/feature-packages-a12a443ee887.css]
[github.com/features/_/_esi/rails_csrf_token_form_hidden3fe3.html]
[github.githubassets.com/assets/feature-security-de59d297648e.css]
[github.com/features/_/_esi/rails_csrf_token_form_hidden3abe.html]
[github.com/features/security/code.html]
[github.com/features/security/software-supply-chain.html]
[github.githubassets.com/assets/feature-codespaces-6a30eb339595.css]
[github.com/features/_/_esi/rails_csrf_token_form_hidden9340.html]
[github.githubassets.com/assets/landing-pages-b2ecc374de92.css]
[github.githubassets.com/assets/feature-copilot-a9560adba4d0.css]
[github.com/features/_/_esi/rails_csrf_token_form_hidden0e8d.html]
[github.com/features/copilot/plans.html]
[github.githubassets.com/assets/site-legacy-66d5e5c9cbe3.css]
[github.com/features/_/_esi/rails_csrf_token_form_hiddenbd28.html]
[github.githubassets.com/assets/feature-issues-29613039977b.css]
[github.com/features/_/_esi/rails_csrf_token_form_hidden9836.html]
[github.githubassets.com/assets/feature-discussions-a3059c25550f.css]
[github.com/features/_/_esi/rails_csrf_token_form_hidden39b9.html]
[github.githubassets.com/assets/features-3326a3524b56.css]
[github.com/login9290.html]
[github.com/_/_esi/rails_csrf_token_form_hidden3a7f.html]
[github.com/signup9a0d.html]
[github.com/features/index.html]
[github.com/features/preview.html]
[github.githubassets.com/images/modules/site/features/feature-previews.html]
[github.com/signup.html]
[github.com/marketplace158b.html]
[github.com/enterprise/contactf6bd.html]
[github.com/mobile.html]
[github.com/marketplace.html]
[github.com/signup5842.html]
[github.com/organizations/enterprise_plan092c.html]
[github.com/enterprise/contact647a.html]
[github.githubassets.com/assets/enterprise-react-5ebb3a4ea1d5.css]
[github.com/logindc1c.html]
[github.com/_/_esi/rails_csrf_token_form_hiddenf0d5.html]
[github.com/signupcd28.html]
[github.com/organizations/enterprise_pland977.html]
[github.com/enterprise/contactc8c7.html]
[github.com/images/modules/site/enterprise/2023/logos/logo-stripe.svg]
[github.com/images/modules/site/enterprise/2023/logos/logo-twilio.svg]
[github.com/images/modules/site/enterprise/2023/logos/logo-spotify.svg]
[github.com/images/modules/site/enterprise/2023/logos/logo-arduino.svg]
[github.com/images/modules/site/enterprise/2023/logos/logo-ford.svg]
[github.com/images/modules/site/enterprise/2023/logos/logo-3m.svg]
[github.com/images/modules/site/enterprise/2023/logos/logo-pg.svg]
[github.com/images/modules/site/enterprise/2023/logos/logo-aa.svg]
[github.com/images/modules/site/enterprise/2023/logos/logo-nationwide.svg]
[github.com/images/modules/site/enterprise/2023/logos/logo-kpmg.svg]
[github.com/organizations/enterprise_pland7a7.html]
[github.com/customer-stories/mercado-libre.html]
[github.com/customer-stories/dvag.html]
[github.com/customer-stories/telus.html]
[github.com/organizations/enterprise_plan63e9.html]
[github.com/enterprise/contactf875.html]
[github.com/marketplace47d9.html]
[github.com/enterprise/contact.html]
[github.githubassets.com/assets/team-22d7b9d49741.css]
[github.com/loginf6b1.html]
[github.com/_/_esi/rails_csrf_token_form_hidden4ce0.html]
[github.com/signup37f6.html]
[github.com/signup7829.html]
[github.com/marketplace/jira-software-github.html]
[github.com/marketplace/actions/checkout.html]
[github.com/marketplace/actions/setup-node-js-environment.html]
[github.com/marketplace/actions/npm-publish.html]
[github.com/customer-stories/front.html]
[github.com/customer-stories/trayio.html]
[github.com/customer-stories28f8.html]
[github.githubassets.com/assets/marketing-startups-d2532024ad65.css]
[github.com/enterprise/_/_esi/rails_csrf_token_form_hiddenf255.html]
[github.com/enterprise/startups/partners.html]
[github.githubassets.com/assets/ci-cd-0eafbbbbc20a.css]
[github.com/solutions/ci-cd/_/_esi/rails_csrf_token_form_hidden5ba2.html]
[github.com/solutions/devops/_/_esi/rails_csrf_token_form_hiddenabef.html]
[github.githubassets.com/assets/customer-stories-c6cea23ba1fa.css]
[github.com/login0700.html]
[github.com/_/_esi/rails_csrf_token_form_hidden4d9d.html]
[github.com/signupc84c.html]
[github.com/customer-stories/enterprise.html]
[github.com/customer-stories/team.html]
[github.com/customer-stories/all.html]
[github.com/organizations/enterprise_plan020c.html]
[github.com/customer-stories/philips.html]
[github.com/customer-stories/shopify.html]
[github.com/customer-stories/mercedes-benz.html]
[github.com/customer-stories/enterprise973f.html]
[github.com/customer-stories/enterprise22c6.html]
[github.com/customer-stories/enterprise12c5.html]
[github.com/customer-stories/enterprisee64a.html]
[github.com/customer-stories/enterprised6cb.html]
[github.com/customer-stories/enterprise5fae.html]
[github.com/customer-stories/enterprise01c6.html]
[github.com/customer-stories/enterpriseb552.html]
[github.com/customer-stories/enterprise5640.html]
[github.com/customer-stories/enterprise804e.html]
[github.com/customer-stories/enterprisea86b.html]
[github.com/customer-stories/enterprise44b9.html]
[github.com/customer-stories/enterprisef139.html]
[github.com/customer-stories/enterprise29f2.html]
[github.com/customer-stories/enterprise19fd.html]
[github.com/customer-stories/enterprise0ef1.html]
[github.com/customer-stories/enterprisee920.html]
[github.com/customer-stories/enterprisee44f.html]
[github.com/customer-stories/enterprisecdb0.html]
[github.com/customer-stories/enterprisec1a0.html]
[github.com/customer-stories/enterprise9498.html]
[github.com/customer-stories/enterprise737c.html]
[github.com/customer-stories/enterprise892d.html]
[github.com/customer-stories/enterprise086c.html]
[github.com/customer-stories/enterprised546.html]
[github.com/customer-stories/enterprisee9ef.html]
[github.com/customer-stories/enterprisedf19.html]
[github.com/customer-stories/enterpriseb655.html]
[github.com/customer-stories/enterprised985.html]
[github.com/customer-stories/enterprise0a01.html]
[github.com/customer-stories/enterprise6194.html]
[github.com/customer-stories/enterprise5cb3.html]
[github.com/customer-stories/enterprise2d9f.html]
[github.com/customer-stories/enterprisedd65.html]
[github.com/customer-stories/enterprise48f0.html]
[github.com/customer-stories/enterprise7281.html]
[github.com/customer-stories/enterprise7adb.html]
[github.com/customer-stories/enterprise58f9.html]
